[www.saihomestudio.com/index.html]
[backblue.gif]
[fade.gif]
[index.html]
[maxcdn.bootstrapcdn.com/bootstrap/3.3.7/css/bootstrap.min.css]
[maxcdn.bootstrapcdn.com/font-awesome/4.7.0/css/font-awesome.min.css]
[cdnjs.cloudflare.com/ajax/libs/owl-carousel/1.3.3/owl.carousel.min.css]
[cdnjs.cloudflare.com/ajax/libs/owl-carousel/1.3.3/owl.theme.min.css]
[www.saihomestudio.com/style.css]
[www.saihomestudio.com/style1.css]
[www.saihomestudio.com/index-2.html]
[www.saihomestudio.com/favi.ico]
[www.saihomestudio.com/shsWhite.png]
[www.saihomestudio.com/about-us.html]
[www.saihomestudio.com/services.html]
[www.saihomestudio.com/gallery.html]
[www.saihomestudio.com/contact-us.html]
[www.saihomestudio.com/image12dff.png]
[www.saihomestudio.com/child-865116_640.jpg]
[www.saihomestudio.com/founder0353.jpg]
[www.saihomestudio.com/images/testmonial1.png]
[www.saihomestudio.com/images/testmonial2.png]
[www.saihomestudio.com/images/testmonial3.png]
[www.saihomestudio.com/images/testmonial4.png]
[cdnjs.cloudflare.com/ajax/libs/owl-carousel/1.3.3/owl.carousel.min.js]
[code.jquery.com/jquery-1.12.0.min.js]
[www.saihomestudio.com/index.html]
[maxcdn.bootstrapcdn.com/bootstrap/3.3.7/css/bootstrap.min.css]
[maxcdn.bootstrapcdn.com/font-awesome/4.7.0/css/font-awesome.min.css]
[cdnjs.cloudflare.com/ajax/libs/owl-carousel/1.3.3/grabbing.png]
[cdnjs.cloudflare.com/ajax/libs/owl-carousel/1.3.3/owl.carousel.min.css]
[cdnjs.cloudflare.com/ajax/libs/owl-carousel/1.3.3/AjaxLoader.gif]
[cdnjs.cloudflare.com/ajax/libs/owl-carousel/1.3.3/owl.theme.min.css]
[www.saihomestudio.com/feed/index.html]
[www.saihomestudio.com/comments/feed/index.html]
[www.saihomestudio.com/style.css]
[www.saihomestudio.com/s1.wp.com/wp-content/themes/pub/varia/print92989298.css]
[www.saihomestudio.com/style1.css]
[www.saihomestudio.com/s0.wp.com/wp-content/themes/pub/balasana/styleee19ee19.css]
[www.saihomestudio.com/xmlrpc0db00db0.php]
[www.saihomestudio.com/index-2.html]
[www.saihomestudio.com/s2.wp.com/i/webclip.png]
[www.saihomestudio.com/osd.xml]
[www.saihomestudio.com/about2dff.png]
[www.saihomestudio.com/about-us.html]
[www.saihomestudio.com/image273d9.png]
[www.saihomestudio.com/kids-1093758_64073d973d9.jpg]
[www.saihomestudio.com/painting73d9.jpg]
[www.saihomestudio.com/calimage73d9.jpg]
[www.saihomestudio.com/handimage73d9.jpg]
[www.saihomestudio.com/female-437990_64019b019b0.jpg]
[www.saihomestudio.com/balance-1107484_64073d973d9.jpg]
[www.saihomestudio.com/brain-4961452_64073d973d9.jpg]
[www.saihomestudio.com/391697573d9.jpg]
[www.saihomestudio.com/Hanuman-Chalisa73d9.png]
[www.saihomestudio.com/Vishnu-Sahasranamam73d9.png]
[www.saihomestudio.com/Bhagavad-Gita73d9.png]
[www.saihomestudio.com/keyboard73d9.jpg]
[www.saihomestudio.com/summer73d9.jpg]
[www.saihomestudio.com/winter73d9.jpg]
[www.saihomestudio.com/trekking73d9.jpg]
[www.saihomestudio.com/shortClass73d9.png]
[www.saihomestudio.com/services.html]
[confusemecom.files.wordpress.com/2021/09/img_6759-1.jpg]
[confusemecom.files.wordpress.com/2021/09/img_6759-1c6eb.jpg]
[confusemecom.files.wordpress.com/2021/09/img_6759-10353.jpg]
[www.saihomestudio.com/images/img_6759-1.jpg]
[confusemecom.files.wordpress.com/2021/09/img_6747-2.jpg]
[confusemecom.files.wordpress.com/2021/09/img_6747-2c6eb.jpg]
[confusemecom.files.wordpress.com/2021/09/img_6747-20353.jpg]
[www.saihomestudio.com/images/img_6747-2.jpg]
[www.saihomestudio.com/images/img_6805-1.jpg]
[www.saihomestudio.com/images/img_6746-1.jpg]
[www.saihomestudio.com/images/img_6745-1.jpg]
[confusemecom.files.wordpress.com/2021/09/img_6961-2.jpg]
[confusemecom.files.wordpress.com/2021/09/img_6961-2ebf4.jpg]
[confusemecom.files.wordpress.com/2021/09/img_6961-2b3cd.jpg]
[www.saihomestudio.com/images/img_6961-2.jpg]
[confusemecom.files.wordpress.com/2021/09/img_6743.jpg]
[confusemecom.files.wordpress.com/2021/09/img_6743c6eb.jpg]
[confusemecom.files.wordpress.com/2021/09/img_67430353.jpg]
[www.saihomestudio.com/images/img_6743.jpg]
[confusemecom.files.wordpress.com/2021/09/img_6741-1.jpg]
[confusemecom.files.wordpress.com/2021/09/img_6741-1ebf4.jpg]
[confusemecom.files.wordpress.com/2021/09/img_6741-1b3cd.jpg]
[www.saihomestudio.com/images/img_6741-1.jpg]
[confusemecom.files.wordpress.com/2021/09/img_6737-1.jpg]
[confusemecom.files.wordpress.com/2021/09/img_6737-1ebf4.jpg]
[confusemecom.files.wordpress.com/2021/09/img_6737-1b3cd.jpg]
[www.saihomestudio.com/images/img_6737-1.jpg]
[confusemecom.files.wordpress.com/2021/09/img_6735-1.jpg]
[confusemecom.files.wordpress.com/2021/09/img_6735-1ebf4.jpg]
[confusemecom.files.wordpress.com/2021/09/img_6735-1b3cd.jpg]
[www.saihomestudio.com/images/img_6735-1.jpg]
[confusemecom.files.wordpress.com/2021/09/img_6727-1.jpg]
[confusemecom.files.wordpress.com/2021/09/img_6727-1ebf4.jpg]
[confusemecom.files.wordpress.com/2021/09/img_6727-1b3cd.jpg]
[www.saihomestudio.com/images/img_6727-1.jpg]
[confusemecom.files.wordpress.com/2021/09/img_6725-1.jpg]
[confusemecom.files.wordpress.com/2021/09/img_6725-1c6eb.jpg]
[confusemecom.files.wordpress.com/2021/09/img_6725-10353.jpg]
[www.saihomestudio.com/images/img_6725-1.jpg]
[confusemecom.files.wordpress.com/2021/09/20210410_093529-1c6eb.jpg]
[confusemecom.files.wordpress.com/2021/09/20210410_093529-10353.jpg]
[www.saihomestudio.com/images/20210410_093529-1.jpg]
[confusemecom.files.wordpress.com/2021/09/8c2b5a10-2.jpg]
[confusemecom.files.wordpress.com/2021/09/8c2b5a10-2c6eb.jpg]
[confusemecom.files.wordpress.com/2021/09/8c2b5a10-20353.jpg]
[www.saihomestudio.com/images/8c2b5a10-2.jpg]
[confusemecom.files.wordpress.com/2021/09/b3a1379.jpg]
[confusemecom.files.wordpress.com/2021/09/b3a1379c6eb.jpg]
[confusemecom.files.wordpress.com/2021/09/b3a13790353.jpg]
[www.saihomestudio.com/images/_B3A1379.jpg]
[confusemecom.files.wordpress.com/2021/09/b3a4357.jpg]
[confusemecom.files.wordpress.com/2021/09/b3a4357c6eb.jpg]
[confusemecom.files.wordpress.com/2021/09/b3a43570353.jpg]
[www.saihomestudio.com/images/_B3A4357.jpg]
[confusemecom.files.wordpress.com/2021/09/b3a4364.jpg]
[confusemecom.files.wordpress.com/2021/09/b3a4364c6eb.jpg]
[confusemecom.files.wordpress.com/2021/09/b3a43640353.jpg]
[www.saihomestudio.com/images/_B3A4364.jpg]
[confusemecom.files.wordpress.com/2021/09/b3a4381.jpg]
[confusemecom.files.wordpress.com/2021/09/b3a4381c6eb.jpg]
[confusemecom.files.wordpress.com/2021/09/b3a43810353.jpg]
[www.saihomestudio.com/images/_B3A4381.jpg]
[confusemecom.files.wordpress.com/2021/09/b3a4438.jpg]
[confusemecom.files.wordpress.com/2021/09/b3a4438c6eb.jpg]
[confusemecom.files.wordpress.com/2021/09/b3a44380353.jpg]
[www.saihomestudio.com/images/_B3A4438.jpg]
[confusemecom.files.wordpress.com/2021/09/b3a4464.jpg]
[confusemecom.files.wordpress.com/2021/09/b3a4464c6eb.jpg]
[confusemecom.files.wordpress.com/2021/09/b3a44640353.jpg]
[www.saihomestudio.com/images/_B3A4464.jpg]
[confusemecom.files.wordpress.com/2021/09/b3a4470.jpg]
[confusemecom.files.wordpress.com/2021/09/b3a4470c6eb.jpg]
[confusemecom.files.wordpress.com/2021/09/b3a44700353.jpg]
[www.saihomestudio.com/images/_B3A4470.jpg]
[confusemecom.files.wordpress.com/2021/09/b3a4497.jpg]
[confusemecom.files.wordpress.com/2021/09/b3a4497c6eb.jpg]
[confusemecom.files.wordpress.com/2021/09/b3a44970353.jpg]
[www.saihomestudio.com/images/_B3A4497.jpg]
[confusemecom.files.wordpress.com/2021/09/b3a4505.jpg]
[confusemecom.files.wordpress.com/2021/09/b3a4505c6eb.jpg]
[confusemecom.files.wordpress.com/2021/09/b3a45050353.jpg]
[www.saihomestudio.com/images/_B3A4505.jpg]
[confusemecom.files.wordpress.com/2021/09/b3a4526.jpg]
[confusemecom.files.wordpress.com/2021/09/b3a4526c6eb.jpg]
[confusemecom.files.wordpress.com/2021/09/b3a45260353.jpg]
[www.saihomestudio.com/images/_B3A4526.jpg]
[confusemecom.files.wordpress.com/2021/09/b3a4529.jpg]
[confusemecom.files.wordpress.com/2021/09/b3a4529c6eb.jpg]
[confusemecom.files.wordpress.com/2021/09/b3a45290353.jpg]
[www.saihomestudio.com/images/_B3A4529.jpg]
[confusemecom.files.wordpress.com/2021/09/b3a5269.jpg]
[confusemecom.files.wordpress.com/2021/09/b3a5269c6eb.jpg]
[confusemecom.files.wordpress.com/2021/09/b3a52690353.jpg]
[www.saihomestudio.com/images/_B3A5269.jpg]
[confusemecom.files.wordpress.com/2021/09/b3a5358.jpg]
[confusemecom.files.wordpress.com/2021/09/b3a5358c6eb.jpg]
[confusemecom.files.wordpress.com/2021/09/b3a53580353.jpg]
[www.saihomestudio.com/images/_B3A5358.jpg]
[confusemecom.files.wordpress.com/2021/09/b3a5360.jpg]
[confusemecom.files.wordpress.com/2021/09/b3a5360c6eb.jpg]
[confusemecom.files.wordpress.com/2021/09/b3a53600353.jpg]
[www.saihomestudio.com/images/_B3A5360.jpg]
[confusemecom.files.wordpress.com/2021/09/b3a5402.jpg]
[confusemecom.files.wordpress.com/2021/09/b3a5402c6eb.jpg]
[confusemecom.files.wordpress.com/2021/09/b3a54020353.jpg]
[www.saihomestudio.com/images/_B3A5402.jpg]
[confusemecom.files.wordpress.com/2021/09/b3a5620.jpg]
[confusemecom.files.wordpress.com/2021/09/b3a5620c6eb.jpg]
[confusemecom.files.wordpress.com/2021/09/b3a56200353.jpg]
[www.saihomestudio.com/images/_B3A5620.jpg]
[confusemecom.files.wordpress.com/2021/09/20210406_122213.jpg]
[confusemecom.files.wordpress.com/2021/09/20210406_122213c6eb.jpg]
[confusemecom.files.wordpress.com/2021/09/20210406_1222130353.jpg]
[www.saihomestudio.com/images/20210406_122213.jpg]
[confusemecom.files.wordpress.com/2021/09/20210407_121817.jpg]
[confusemecom.files.wordpress.com/2021/09/20210407_121817c6eb.jpg]
[confusemecom.files.wordpress.com/2021/09/20210407_1218170353.jpg]
[www.saihomestudio.com/images/20210407_121817.jpg]
[confusemecom.files.wordpress.com/2021/09/20210408_101104.jpg]
[confusemecom.files.wordpress.com/2021/09/20210408_101104c6eb.jpg]
[confusemecom.files.wordpress.com/2021/09/20210408_1011040353.jpg]
[www.saihomestudio.com/images/20210408_101104.jpg]
[confusemecom.files.wordpress.com/2021/09/20210414_114502_20210414120040716c6eb.jpg]
[confusemecom.files.wordpress.com/2021/09/20210414_114502_20210414120040716.jpg]
[confusemecom.files.wordpress.com/2021/09/20210414_114502_202104141200407160353.jpg]
[www.saihomestudio.com/images/20210414_114502_20210414120040716.jpg]
[confusemecom.files.wordpress.com/2021/09/1624466213748c6eb.jpg]
[www.saihomestudio.com/images/1624466213748.jpg]
[confusemecom.files.wordpress.com/2021/09/collagemaker_20210427_2222382748341.jpg]
[confusemecom.files.wordpress.com/2021/09/collagemaker_20210427_2222382749925.jpg]
[www.saihomestudio.com/images/CollageMaker_20210427_222238274.jpg]
[confusemecom.files.wordpress.com/2021/09/collagemaker_20210427_223716085ebf4.jpg]
[confusemecom.files.wordpress.com/2021/09/collagemaker_20210427_223716085b3cd.jpg]
[www.saihomestudio.com/images/CollageMaker_20210427_223716085.jpg]
[confusemecom.files.wordpress.com/2021/09/img_1295.jpg]
[confusemecom.files.wordpress.com/2021/09/img_1295c6eb.jpg]
[confusemecom.files.wordpress.com/2021/09/img_12950353.jpg]
[www.saihomestudio.com/images/IMG_1295.jpg]
[confusemecom.files.wordpress.com/2021/09/img_1354.jpg]
[confusemecom.files.wordpress.com/2021/09/img_1354c6eb.jpg]
[confusemecom.files.wordpress.com/2021/09/img_13540353.jpg]
[www.saihomestudio.com/images/IMG_1354.jpg]
[confusemecom.files.wordpress.com/2021/09/img_1368.jpg]
[confusemecom.files.wordpress.com/2021/09/img_1368c6eb.jpg]
[confusemecom.files.wordpress.com/2021/09/img_13680353.jpg]
[www.saihomestudio.com/images/IMG_1368.jpg]
[confusemecom.files.wordpress.com/2021/09/img_6979.jpg]
[confusemecom.files.wordpress.com/2021/09/img_6979c6eb.jpg]
[confusemecom.files.wordpress.com/2021/09/img_69790353.jpg]
[www.saihomestudio.com/images/IMG_6979.jpg]
[confusemecom.files.wordpress.com/2021/09/img_6998.jpg]
[confusemecom.files.wordpress.com/2021/09/img_6998c6eb.jpg]
[confusemecom.files.wordpress.com/2021/09/img_69980353.jpg]
[www.saihomestudio.com/images/IMG_6998.jpg]
[confusemecom.files.wordpress.com/2021/09/img_7045.jpg]
[confusemecom.files.wordpress.com/2021/09/img_7045c6eb.jpg]
[confusemecom.files.wordpress.com/2021/09/img_70450353.jpg]
[www.saihomestudio.com/images/IMG_7045.jpg]
[confusemecom.files.wordpress.com/2021/09/img_7069.jpg]
[confusemecom.files.wordpress.com/2021/09/img_7069c6eb.jpg]
[confusemecom.files.wordpress.com/2021/09/img_70690353.jpg]
[www.saihomestudio.com/images/IMG_7069.jpg]
[www.saihomestudio.com/amid.js]
[www.saihomestudio.com/aamid.js]
[www.saihomestudio.com/gallery.html]
[www.saihomestudio.com/contact-us.html]
[www.saihomestudio.com/img_67562dff2dff.jpg]
[www.saihomestudio.com/0.gravatar.com/js/gprofilesb52cb52c.js]
[www.saihomestudio.com/s1.wp.com/wp-content/mu-plugins/gravatar-hovercards/wpgrohodc5cdc5c.js]
[www.saihomestudio.com/GET.html]
[www.saihomestudio.com/s0.wp.com/wp-content/mu-plugins/actionbar/actionbar28662866.css]
[www.saihomestudio.com/s0.wp.com/wp-content/mu-plugins/actionbar/actionbarf30cf30c.js]
[www.saihomestudio.com/s2.wp.com/wp-content/plugins/gutenberg-core/v11.4.1/vendor/object-fit-polyfill.min.5f0c4c7328072807.js]
[www.saihomestudio.com/wp-content/plugins/ie-sitemode/custom-jumplist.php]
[www.saihomestudio.com/stats.wp.com/w44f644f6.js]
[www.saihomestudio.com/pixel.wp.com/b0b800b80.gif]
[www.saihomestudio.com/wp-content/blog-plugins/marketing-bar/images/wpcom-mark.svg]
[www.saihomestudio.com/wp-content/blog-plugins/marketing-bar/images/arrow.svg]
[www.saihomestudio.com/wp-includes/js/mediaelement/mejs-controls.svg]
[www.saihomestudio.com/wp-content/plugins/coblocks/2.10.1/dist/images/lightbox/arrow-left.svg]
[www.saihomestudio.com/wp-content/plugins/coblocks/2.10.1/dist/images/lightbox/arrow-right.svg]
[www.saihomestudio.com/wp-content/plugins/coblocks/2.10.1/dist/images/lightbox/close.svg]
[www.saihomestudio.com/wp-content/plugins/coblocks/2.10.1/dist/images/list/checkbox-rounded.svg]
[www.saihomestudio.com/wp-content/plugins/coblocks/2.10.1/dist/images/list/checkbox-rounded-child.svg]
[www.saihomestudio.com/wp-content/plugins/coblocks/2.10.1/dist/images/social/twitter.svg]
[www.saihomestudio.com/wp-content/plugins/coblocks/2.10.1/dist/images/food-attribute/popular.svg]
[www.saihomestudio.com/wp-content/plugins/coblocks/2.10.1/dist/images/food-attribute/spicy.svg]
[www.saihomestudio.com/wp-content/plugins/coblocks/2.10.1/dist/images/food-attribute/vegan.svg]
[www.saihomestudio.com/wp-content/plugins/coblocks/2.10.1/dist/images/food-attribute/vegetarian.svg]
[www.saihomestudio.com/wp-content/plugins/coblocks/2.10.1/dist/images/food-attribute/pescatarian.svg]
[www.saihomestudio.com/wp-content/plugins/coblocks/2.10.1/dist/images/food-attribute/gluten-free.svg]
[www.saihomestudio.com/wp-content/plugins/coblocks/2.10.1/dist/images/social/facebook.svg]
[www.saihomestudio.com/wp-content/plugins/coblocks/2.10.1/dist/images/social/pinterest.svg]
[www.saihomestudio.com/wp-content/plugins/coblocks/2.10.1/dist/images/social/linkedin.svg]
[www.saihomestudio.com/wp-content/plugins/coblocks/2.10.1/dist/images/social/tumblr.svg]
[www.saihomestudio.com/wp-content/plugins/coblocks/2.10.1/dist/images/social/reddit.svg]
[www.saihomestudio.com/wp-content/plugins/coblocks/2.10.1/dist/images/social/email.svg]
[www.saihomestudio.com/wp-content/plugins/coblocks/2.10.1/dist/images/social/google.svg]
[www.saihomestudio.com/wp-content/plugins/coblocks/2.10.1/dist/images/social/yelp.svg]
[www.saihomestudio.com/wp-content/plugins/coblocks/2.10.1/dist/images/social/youtube.svg]
[www.saihomestudio.com/wp-content/plugins/coblocks/2.10.1/dist/images/social/instagram.svg]
[www.saihomestudio.com/wp-content/plugins/coblocks/2.10.1/dist/images/social/houzz.svg]
[www.saihomestudio.com/i/noticons/Noticonsd41d.eot]
[www.saihomestudio.com/i/noticons/Noticons.ttf]
[www.saihomestudio.com/i/noticons/Noticons.svg]
[www.saihomestudio.com/wp-content/js/bilmur.mince1bce1b.js]
